// Jest Snapshot v1, https://goo.gl/fbAQLP

exports[`Card snapshot test 1`] = `
<div>
  Hello World
</div>
`;
