// Jest Snapshot v1, https://goo.gl/fbAQLP

exports[`Login snapshot test 1`] = `
<form
  onSubmit={[Function]}
>
  <h3>
    Sign In
  </h3>
  <div
    className="form-group"
  >
    <label>
      Email address
    </label>
    <input
      className="form-control"
      onChange={[Function]}
      placeholder="Enter email"
      type="email"
    />
  </div>
  <div
    className="form-group"
  >
    <label>
      Password
    </label>
    <input
      className="form-control"
      onChange={[Function]}
      placeholder="Enter password"
      type="password"
    />
  </div>
  <div
    className="form-group"
  >
    <div
      className="custom-control custom-checkbox"
    >
      <input
        className="custom-control-input"
        id="customCheck1"
        type="checkbox"
      />
      <label
        className="custom-control-label"
        htmlFor="customCheck1"
      >
        Remember me
      </label>
    </div>
  </div>
  <button
    className="btn btn-primary btn-block"
    id="LoginButton"
    type="submit"
  >
    Submit
  </button>
  <p
    className="forgot-password text-right"
  >
    Forgot 
    <a
      href="#"
    >
      password?
    </a>
  </p>
</form>
`;
