// Jest Snapshot v1, https://goo.gl/fbAQLP

exports[`Registration snapshot test 1`] = `
<form
  onSubmit={[Function]}
>
  <h3>
    Sign Up
  </h3>
  <div
    className="form-group"
  >
    <label>
      Email address
    </label>
    <input
      className="form-control"
      onChange={[Function]}
      placeholder="Enter email"
      type="email"
    />
  </div>
  <div
    className="form-group"
  >
    <label>
      Password
    </label>
    <input
      className="form-control"
      onChange={[Function]}
      placeholder="Enter password"
      type="password"
    />
  </div>
  <button
    className="btn btn-primary btn-block"
    id="RegistrationButton"
    type="submit"
  >
    Sign Up
  </button>
  <p
    className="forgot-password text-right"
  >
    Already registered 
    <a
      href="/sign-in"
    >
      sign in?
    </a>
  </p>
</form>
`;
