// Jest Snapshot v1, https://goo.gl/fbAQLP

exports[`test2 1`] = `
<div
  className="stats-bar-wrapper"
>
  <div
    className="stats-bar"
    id="statsBar"
  >
    <div
      style={
        Object {
          "display": "flex",
        }
      }
    >
      <img
        alt="Squire"
        src={Object {}}
        style={
          Object {
            "alignSelf": "center",
            "width": 40,
          }
        }
      />
      <h3
        style={
          Object {
            "alignSelf": "center",
          }
        }
      >
        Squire
      </h3>
    </div>
    <div
      style={
        Object {
          "paddingTop": 5,
        }
      }
    >
      <div
        className="progress"
      >
        <div
          aria-valuemax={100}
          aria-valuemin={0}
          aria-valuenow={0}
          className="progress-bar"
          role="progressbar"
          style={
            Object {
              "width": "0%",
            }
          }
        >
          0%
        </div>
      </div>
    </div>
  </div>
</div>
`;
